main.c:75:5:main	72	static
main.c:158:6:SystemClock_Config	88	static
main.c:203:13:MX_USART2_UART_Init	8	static
main.c:236:13:MX_GPIO_Init	48	static
main.c:265:6:led_thread	16	static
main.c:271:6:uart1_thread	16	static
main.c:277:6:uart2_thread	16	static
main.c:283:6:uartmsg1_thread	32	static
main.c:293:6:uartmsg2_thread	32	static
main.c:303:6:uartmsg_handler	64	static
main.c:323:6:StartDefaultTask	192	static
main.c:357:6:HAL_TIM_PeriodElapsedCallback	16	static
main.c:374:6:Error_Handler	4	static,ignoring_inline_asm
