18:13:09 **** Incremental Build of configuration Debug for project lab2_4 ****
make -j16 all 
arm-none-eabi-gcc "../Core/Src/main.c" -mcpu=cortex-m4 -std=gnu11 -g3 -DUSE_HAL_DRIVER -DSTM32F411xE -DDEBUG -c -I../Core/Inc -I../Drivers/STM32F4xx_HAL_Driver/Inc -I../Drivers/STM32F4xx_HAL_Driver/Inc/Legacy -I../Drivers/CMSIS/Device/ST/STM32F4xx/Include -I../Drivers/CMSIS/Include -O0 -ffunction-sections -fdata-sections -Wall -fstack-usage -MMD -MP -MF"Core/Src/main.d" -MT"Core/Src/main.o" --specs=nano.specs -mfpu=fpv4-sp-d16 -mfloat-abi=hard -mthumb -o "Core/Src/main.o"
arm-none-eabi-gcc -o "lab2_4.elf" @"objects.list"   -mcpu=cortex-m4 -T"D:\STM32CubeIDE\workspace_1.5.1\lab2_4\STM32F411RETX_FLASH.ld" --specs=nosys.specs -Wl,-Map="lab2_4.map" -Wl,--gc-sections -static --specs=nano.specs -mfpu=fpv4-sp-d16 -mfloat-abi=hard -mthumb -Wl,--start-group -lc -lm -Wl,--end-group
Finished building target: lab2_4.elf
 
arm-none-eabi-objdump -h -S  lab2_4.elf  > "lab2_4.list"
arm-none-eabi-objcopy  -O binary  lab2_4.elf  "lab2_4.bin"
arm-none-eabi-size   lab2_4.elf 
   text	   data	    bss	    dec	    hex	filename
  10268	     20	   1652	  11940	   2ea4	lab2_4.elf
Finished building: default.size.stdout
 
Finished building: lab2_4.list
Finished building: lab2_4.bin
 
 

18:13:10 Build Finished. 0 errors, 0 warnings. (took 600ms)

