15:21:26 **** Incremental Build of configuration Debug for project lab4_2 ****
make -j16 all 
arm-none-eabi-gcc "../Core/Src/main.c" -mcpu=cortex-m4 -std=gnu11 -g3 -DUSE_HAL_DRIVER -DSTM32F411xE -DDEBUG -c -I../Core/Inc -I../Drivers/STM32F4xx_HAL_Driver/Inc -I../Drivers/STM32F4xx_HAL_Driver/Inc/Legacy -I../Drivers/CMSIS/Device/ST/STM32F4xx/Include -I../Drivers/CMSIS/Include -O0 -ffunction-sections -fdata-sections -Wall -fstack-usage -MMD -MP -MF"Core/Src/main.d" -MT"Core/Src/main.o" --specs=nano.specs -mfpu=fpv4-sp-d16 -mfloat-abi=hard -mthumb -o "Core/Src/main.o"
../Core/Src/main.c: In function 'HAL_TIM_PeriodElapsedCallback':
../Core/Src/main.c:379:4: warning: implicit declaration of function 'sprintf' [-Wimplicit-function-declaration]
    sprintf(buffer, "red led = %d, green led = %d\r\n", blink1, blink2);
    ^~~~~~~
../Core/Src/main.c:379:4: warning: incompatible implicit declaration of built-in function 'sprintf'
../Core/Src/main.c:379:4: note: include '<stdio.h>' or provide a declaration of 'sprintf'
../Core/Src/main.c:380:40: warning: implicit declaration of function 'strlen' [-Wimplicit-function-declaration]
    HAL_UART_Transmit(&huart2, &buffer, strlen(buffer), 1000);
                                        ^~~~~~
../Core/Src/main.c:380:40: warning: incompatible implicit declaration of built-in function 'strlen'
../Core/Src/main.c:380:40: note: include '<string.h>' or provide a declaration of 'strlen'
../Core/Src/main.c:380:31: warning: passing argument 2 of 'HAL_UART_Transmit' from incompatible pointer type [-Wincompatible-pointer-types]
    HAL_UART_Transmit(&huart2, &buffer, strlen(buffer), 1000);
                               ^
In file included from ../Core/Inc/stm32f4xx_hal_conf.h:404:0,
                 from ../Drivers/STM32F4xx_HAL_Driver/Inc/stm32f4xx_hal.h:30,
                 from ../Core/Inc/main.h:31,
                 from ../Core/Src/main.c:21:
../Drivers/STM32F4xx_HAL_Driver/Inc/stm32f4xx_hal_uart.h:696:19: note: expected 'uint8_t * {aka unsigned char *}' but argument is of type 'char (*)[64]'
 HAL_StatusTypeDef HAL_UART_Transmit(UART_HandleTypeDef *huart, uint8_t *pData, uint16_t Size, uint32_t Timeout);
                   ^~~~~~~~~~~~~~~~~
arm-none-eabi-gcc -o "lab4_2.elf" @"objects.list"   -mcpu=cortex-m4 -T"D:\STM32CubeIDE\workspace_1.5.1\lab4_2\STM32F411RETX_FLASH.ld" --specs=nosys.specs -Wl,-Map="lab4_2.map" -Wl,--gc-sections -static --specs=nano.specs -mfpu=fpv4-sp-d16 -mfloat-abi=hard -mthumb -Wl,--start-group -lc -lm -Wl,--end-group
Finished building target: lab4_2.elf
 
arm-none-eabi-objdump -h -S  lab4_2.elf  > "lab4_2.list"
arm-none-eabi-objcopy  -O binary  lab4_2.elf  "lab4_2.bin"
arm-none-eabi-size   lab4_2.elf 
   text	   data	    bss	    dec	    hex	filename
  14096	    124	   1916	  16136	   3f08	lab4_2.elf
Finished building: default.size.stdout
 
Finished building: lab4_2.bin
Finished building: lab4_2.list
 
 

15:21:26 Build Finished. 0 errors, 5 warnings. (took 659ms)

